  Memory-Editor.cpp
D:\Test Dosyalari\kod\Sonic Heroes Memory Editor\Sonic Heroes Memory Editor\Memory-Editor.cpp(48,35): warning C4312: 'tür dönüştürme': 'unsigned long' öğesinden daha büyük boyutlu 'PBYTE *' öğesine dönüştürme
D:\Test Dosyalari\kod\Sonic Heroes Memory Editor\Sonic Heroes Memory Editor\Memory-Editor.cpp(52,37): warning C4312: 'tür dönüştürme': 'DWORD' öğesinden daha büyük boyutlu 'PBYTE *' öğesine dönüştürme
D:\Test Dosyalari\kod\Sonic Heroes Memory Editor\Sonic Heroes Memory Editor\Memory-Editor.cpp(69,40): warning C4312: 'tür dönüştürme': 'int' öğesinden daha büyük boyutlu 'PBYTE *' öğesine dönüştürme
D:\Test Dosyalari\kod\Sonic Heroes Memory Editor\Sonic Heroes Memory Editor\Memory-Editor.cpp(149,54): warning C4244: 'bağımsız değişken': 'T' - 'float' dönüşümü; veri kaybı olabilir
D:\Test Dosyalari\kod\Sonic Heroes Memory Editor\Sonic Heroes Memory Editor\Memory-Editor.cpp(149,54): warning C4244:         with
D:\Test Dosyalari\kod\Sonic Heroes Memory Editor\Sonic Heroes Memory Editor\Memory-Editor.cpp(149,54): warning C4244:         [
D:\Test Dosyalari\kod\Sonic Heroes Memory Editor\Sonic Heroes Memory Editor\Memory-Editor.cpp(149,54): warning C4244:             T=unsigned int
D:\Test Dosyalari\kod\Sonic Heroes Memory Editor\Sonic Heroes Memory Editor\Memory-Editor.cpp(149,54): warning C4244:         ]
D:\Test Dosyalari\kod\Sonic Heroes Memory Editor\Sonic Heroes Memory Editor\Memory-Editor.cpp(150,80): warning C4244: 'bağımsız değişken': 'T' - 'float' dönüşümü; veri kaybı olabilir
D:\Test Dosyalari\kod\Sonic Heroes Memory Editor\Sonic Heroes Memory Editor\Memory-Editor.cpp(150,80): warning C4244:         with
D:\Test Dosyalari\kod\Sonic Heroes Memory Editor\Sonic Heroes Memory Editor\Memory-Editor.cpp(150,80): warning C4244:         [
D:\Test Dosyalari\kod\Sonic Heroes Memory Editor\Sonic Heroes Memory Editor\Memory-Editor.cpp(150,80): warning C4244:             T=unsigned int
D:\Test Dosyalari\kod\Sonic Heroes Memory Editor\Sonic Heroes Memory Editor\Memory-Editor.cpp(150,80): warning C4244:         ]
D:\Test Dosyalari\kod\Sonic Heroes Memory Editor\Sonic Heroes Memory Editor\Memory-Editor.cpp(150,55): warning C4244: 'bağımsız değişken': 'T' - 'float' dönüşümü; veri kaybı olabilir
D:\Test Dosyalari\kod\Sonic Heroes Memory Editor\Sonic Heroes Memory Editor\Memory-Editor.cpp(150,55): warning C4244:         with
D:\Test Dosyalari\kod\Sonic Heroes Memory Editor\Sonic Heroes Memory Editor\Memory-Editor.cpp(150,55): warning C4244:         [
D:\Test Dosyalari\kod\Sonic Heroes Memory Editor\Sonic Heroes Memory Editor\Memory-Editor.cpp(150,55): warning C4244:             T=unsigned int
D:\Test Dosyalari\kod\Sonic Heroes Memory Editor\Sonic Heroes Memory Editor\Memory-Editor.cpp(150,55): warning C4244:         ]
D:\Test Dosyalari\kod\Sonic Heroes Memory Editor\Sonic Heroes Memory Editor\Memory-Editor.cpp(167,53): warning C4244: 'bağımsız değişken': 'T' - 'float' dönüşümü; veri kaybı olabilir
D:\Test Dosyalari\kod\Sonic Heroes Memory Editor\Sonic Heroes Memory Editor\Memory-Editor.cpp(167,53): warning C4244:         with
D:\Test Dosyalari\kod\Sonic Heroes Memory Editor\Sonic Heroes Memory Editor\Memory-Editor.cpp(167,53): warning C4244:         [
D:\Test Dosyalari\kod\Sonic Heroes Memory Editor\Sonic Heroes Memory Editor\Memory-Editor.cpp(167,53): warning C4244:             T=unsigned int
D:\Test Dosyalari\kod\Sonic Heroes Memory Editor\Sonic Heroes Memory Editor\Memory-Editor.cpp(167,53): warning C4244:         ]
D:\Test Dosyalari\kod\Sonic Heroes Memory Editor\Sonic Heroes Memory Editor\Memory-Editor.cpp(168,79): warning C4244: 'bağımsız değişken': 'T' - 'float' dönüşümü; veri kaybı olabilir
D:\Test Dosyalari\kod\Sonic Heroes Memory Editor\Sonic Heroes Memory Editor\Memory-Editor.cpp(168,79): warning C4244:         with
D:\Test Dosyalari\kod\Sonic Heroes Memory Editor\Sonic Heroes Memory Editor\Memory-Editor.cpp(168,79): warning C4244:         [
D:\Test Dosyalari\kod\Sonic Heroes Memory Editor\Sonic Heroes Memory Editor\Memory-Editor.cpp(168,79): warning C4244:             T=unsigned int
D:\Test Dosyalari\kod\Sonic Heroes Memory Editor\Sonic Heroes Memory Editor\Memory-Editor.cpp(168,79): warning C4244:         ]
D:\Test Dosyalari\kod\Sonic Heroes Memory Editor\Sonic Heroes Memory Editor\Memory-Editor.cpp(168,54): warning C4244: 'bağımsız değişken': 'T' - 'float' dönüşümü; veri kaybı olabilir
D:\Test Dosyalari\kod\Sonic Heroes Memory Editor\Sonic Heroes Memory Editor\Memory-Editor.cpp(168,54): warning C4244:         with
D:\Test Dosyalari\kod\Sonic Heroes Memory Editor\Sonic Heroes Memory Editor\Memory-Editor.cpp(168,54): warning C4244:         [
D:\Test Dosyalari\kod\Sonic Heroes Memory Editor\Sonic Heroes Memory Editor\Memory-Editor.cpp(168,54): warning C4244:             T=unsigned int
D:\Test Dosyalari\kod\Sonic Heroes Memory Editor\Sonic Heroes Memory Editor\Memory-Editor.cpp(168,54): warning C4244:         ]
D:\Test Dosyalari\kod\Sonic Heroes Memory Editor\Sonic Heroes Memory Editor\Memory-Editor.cpp(183,81): warning C4244: 'bağımsız değişken': 'T' - 'float' dönüşümü; veri kaybı olabilir
D:\Test Dosyalari\kod\Sonic Heroes Memory Editor\Sonic Heroes Memory Editor\Memory-Editor.cpp(183,81): warning C4244:         with
D:\Test Dosyalari\kod\Sonic Heroes Memory Editor\Sonic Heroes Memory Editor\Memory-Editor.cpp(183,81): warning C4244:         [
D:\Test Dosyalari\kod\Sonic Heroes Memory Editor\Sonic Heroes Memory Editor\Memory-Editor.cpp(183,81): warning C4244:             T=unsigned int
D:\Test Dosyalari\kod\Sonic Heroes Memory Editor\Sonic Heroes Memory Editor\Memory-Editor.cpp(183,81): warning C4244:         ]
D:\Test Dosyalari\kod\Sonic Heroes Memory Editor\Sonic Heroes Memory Editor\Memory-Editor.cpp(183,53): warning C4244: 'bağımsız değişken': 'T' - 'float' dönüşümü; veri kaybı olabilir
D:\Test Dosyalari\kod\Sonic Heroes Memory Editor\Sonic Heroes Memory Editor\Memory-Editor.cpp(183,53): warning C4244:         with
D:\Test Dosyalari\kod\Sonic Heroes Memory Editor\Sonic Heroes Memory Editor\Memory-Editor.cpp(183,53): warning C4244:         [
D:\Test Dosyalari\kod\Sonic Heroes Memory Editor\Sonic Heroes Memory Editor\Memory-Editor.cpp(183,53): warning C4244:             T=unsigned int
D:\Test Dosyalari\kod\Sonic Heroes Memory Editor\Sonic Heroes Memory Editor\Memory-Editor.cpp(183,53): warning C4244:         ]
D:\Test Dosyalari\kod\Sonic Heroes Memory Editor\Sonic Heroes Memory Editor\Memory-Editor.cpp(234,52): warning C4244: 'bağımsız değişken': 'T' - 'float' dönüşümü; veri kaybı olabilir
D:\Test Dosyalari\kod\Sonic Heroes Memory Editor\Sonic Heroes Memory Editor\Memory-Editor.cpp(234,52): warning C4244:         with
D:\Test Dosyalari\kod\Sonic Heroes Memory Editor\Sonic Heroes Memory Editor\Memory-Editor.cpp(234,52): warning C4244:         [
D:\Test Dosyalari\kod\Sonic Heroes Memory Editor\Sonic Heroes Memory Editor\Memory-Editor.cpp(234,52): warning C4244:             T=unsigned int
D:\Test Dosyalari\kod\Sonic Heroes Memory Editor\Sonic Heroes Memory Editor\Memory-Editor.cpp(234,52): warning C4244:         ]
D:\Test Dosyalari\kod\Sonic Heroes Memory Editor\Sonic Heroes Memory Editor\Memory-Editor.cpp(235,81): warning C4244: 'bağımsız değişken': 'T' - 'float' dönüşümü; veri kaybı olabilir
D:\Test Dosyalari\kod\Sonic Heroes Memory Editor\Sonic Heroes Memory Editor\Memory-Editor.cpp(235,81): warning C4244:         with
D:\Test Dosyalari\kod\Sonic Heroes Memory Editor\Sonic Heroes Memory Editor\Memory-Editor.cpp(235,81): warning C4244:         [
D:\Test Dosyalari\kod\Sonic Heroes Memory Editor\Sonic Heroes Memory Editor\Memory-Editor.cpp(235,81): warning C4244:             T=unsigned int
D:\Test Dosyalari\kod\Sonic Heroes Memory Editor\Sonic Heroes Memory Editor\Memory-Editor.cpp(235,81): warning C4244:         ]
D:\Test Dosyalari\kod\Sonic Heroes Memory Editor\Sonic Heroes Memory Editor\Memory-Editor.cpp(235,53): warning C4244: 'bağımsız değişken': 'T' - 'float' dönüşümü; veri kaybı olabilir
D:\Test Dosyalari\kod\Sonic Heroes Memory Editor\Sonic Heroes Memory Editor\Memory-Editor.cpp(235,53): warning C4244:         with
D:\Test Dosyalari\kod\Sonic Heroes Memory Editor\Sonic Heroes Memory Editor\Memory-Editor.cpp(235,53): warning C4244:         [
D:\Test Dosyalari\kod\Sonic Heroes Memory Editor\Sonic Heroes Memory Editor\Memory-Editor.cpp(235,53): warning C4244:             T=unsigned int
D:\Test Dosyalari\kod\Sonic Heroes Memory Editor\Sonic Heroes Memory Editor\Memory-Editor.cpp(235,53): warning C4244:         ]
D:\Test Dosyalari\kod\Sonic Heroes Memory Editor\Sonic Heroes Memory Editor\Memory-Editor.cpp(252,40): warning C4312: 'tür dönüştürme': 'int' öğesinden daha büyük boyutlu 'PBYTE *' öğesine dönüştürme
D:\Test Dosyalari\kod\Sonic Heroes Memory Editor\Sonic Heroes Memory Editor\Memory-Editor.cpp(255,52): warning C4244: 'bağımsız değişken': 'T' - 'float' dönüşümü; veri kaybı olabilir
D:\Test Dosyalari\kod\Sonic Heroes Memory Editor\Sonic Heroes Memory Editor\Memory-Editor.cpp(255,52): warning C4244:         with
D:\Test Dosyalari\kod\Sonic Heroes Memory Editor\Sonic Heroes Memory Editor\Memory-Editor.cpp(255,52): warning C4244:         [
D:\Test Dosyalari\kod\Sonic Heroes Memory Editor\Sonic Heroes Memory Editor\Memory-Editor.cpp(255,52): warning C4244:             T=unsigned int
D:\Test Dosyalari\kod\Sonic Heroes Memory Editor\Sonic Heroes Memory Editor\Memory-Editor.cpp(255,52): warning C4244:         ]
D:\Test Dosyalari\kod\Sonic Heroes Memory Editor\Sonic Heroes Memory Editor\Memory-Editor.cpp(256,81): warning C4244: 'bağımsız değişken': 'T' - 'float' dönüşümü; veri kaybı olabilir
D:\Test Dosyalari\kod\Sonic Heroes Memory Editor\Sonic Heroes Memory Editor\Memory-Editor.cpp(256,81): warning C4244:         with
D:\Test Dosyalari\kod\Sonic Heroes Memory Editor\Sonic Heroes Memory Editor\Memory-Editor.cpp(256,81): warning C4244:         [
D:\Test Dosyalari\kod\Sonic Heroes Memory Editor\Sonic Heroes Memory Editor\Memory-Editor.cpp(256,81): warning C4244:             T=unsigned int
D:\Test Dosyalari\kod\Sonic Heroes Memory Editor\Sonic Heroes Memory Editor\Memory-Editor.cpp(256,81): warning C4244:         ]
D:\Test Dosyalari\kod\Sonic Heroes Memory Editor\Sonic Heroes Memory Editor\Memory-Editor.cpp(256,53): warning C4244: 'bağımsız değişken': 'T' - 'float' dönüşümü; veri kaybı olabilir
D:\Test Dosyalari\kod\Sonic Heroes Memory Editor\Sonic Heroes Memory Editor\Memory-Editor.cpp(256,53): warning C4244:         with
D:\Test Dosyalari\kod\Sonic Heroes Memory Editor\Sonic Heroes Memory Editor\Memory-Editor.cpp(256,53): warning C4244:         [
D:\Test Dosyalari\kod\Sonic Heroes Memory Editor\Sonic Heroes Memory Editor\Memory-Editor.cpp(256,53): warning C4244:             T=unsigned int
D:\Test Dosyalari\kod\Sonic Heroes Memory Editor\Sonic Heroes Memory Editor\Memory-Editor.cpp(256,53): warning C4244:         ]
D:\Test Dosyalari\kod\Sonic Heroes Memory Editor\Sonic Heroes Memory Editor\Memory-Editor.cpp(267,42): warning C4312: 'tür dönüştürme': 'int' öğesinden daha büyük boyutlu 'PBYTE *' öğesine dönüştürme
D:\Test Dosyalari\kod\Sonic Heroes Memory Editor\Sonic Heroes Memory Editor\Memory-Editor.cpp(288,40): warning C4312: 'tür dönüştürme': 'int' öğesinden daha büyük boyutlu 'PBYTE *' öğesine dönüştürme
D:\Test Dosyalari\kod\Sonic Heroes Memory Editor\Sonic Heroes Memory Editor\Memory-Editor.cpp(291,56): warning C4244: 'bağımsız değişken': 'T' - 'float' dönüşümü; veri kaybı olabilir
D:\Test Dosyalari\kod\Sonic Heroes Memory Editor\Sonic Heroes Memory Editor\Memory-Editor.cpp(291,56): warning C4244:         with
D:\Test Dosyalari\kod\Sonic Heroes Memory Editor\Sonic Heroes Memory Editor\Memory-Editor.cpp(291,56): warning C4244:         [
D:\Test Dosyalari\kod\Sonic Heroes Memory Editor\Sonic Heroes Memory Editor\Memory-Editor.cpp(291,56): warning C4244:             T=unsigned int
D:\Test Dosyalari\kod\Sonic Heroes Memory Editor\Sonic Heroes Memory Editor\Memory-Editor.cpp(291,56): warning C4244:         ]
D:\Test Dosyalari\kod\Sonic Heroes Memory Editor\Sonic Heroes Memory Editor\Memory-Editor.cpp(292,81): warning C4244: 'bağımsız değişken': 'T' - 'float' dönüşümü; veri kaybı olabilir
D:\Test Dosyalari\kod\Sonic Heroes Memory Editor\Sonic Heroes Memory Editor\Memory-Editor.cpp(292,81): warning C4244:         with
D:\Test Dosyalari\kod\Sonic Heroes Memory Editor\Sonic Heroes Memory Editor\Memory-Editor.cpp(292,81): warning C4244:         [
D:\Test Dosyalari\kod\Sonic Heroes Memory Editor\Sonic Heroes Memory Editor\Memory-Editor.cpp(292,81): warning C4244:             T=unsigned int
D:\Test Dosyalari\kod\Sonic Heroes Memory Editor\Sonic Heroes Memory Editor\Memory-Editor.cpp(292,81): warning C4244:         ]
D:\Test Dosyalari\kod\Sonic Heroes Memory Editor\Sonic Heroes Memory Editor\Memory-Editor.cpp(292,53): warning C4244: 'bağımsız değişken': 'T' - 'float' dönüşümü; veri kaybı olabilir
D:\Test Dosyalari\kod\Sonic Heroes Memory Editor\Sonic Heroes Memory Editor\Memory-Editor.cpp(292,53): warning C4244:         with
D:\Test Dosyalari\kod\Sonic Heroes Memory Editor\Sonic Heroes Memory Editor\Memory-Editor.cpp(292,53): warning C4244:         [
D:\Test Dosyalari\kod\Sonic Heroes Memory Editor\Sonic Heroes Memory Editor\Memory-Editor.cpp(292,53): warning C4244:             T=unsigned int
D:\Test Dosyalari\kod\Sonic Heroes Memory Editor\Sonic Heroes Memory Editor\Memory-Editor.cpp(292,53): warning C4244:         ]
D:\Test Dosyalari\kod\Sonic Heroes Memory Editor\Sonic Heroes Memory Editor\Memory-Editor.cpp(299,42): warning C4312: 'tür dönüştürme': 'int' öğesinden daha büyük boyutlu 'PBYTE *' öğesine dönüştürme
D:\Test Dosyalari\kod\Sonic Heroes Memory Editor\Sonic Heroes Memory Editor\Memory-Editor.cpp(329,58): warning C4244: 'bağımsız değişken': 'T' - 'float' dönüşümü; veri kaybı olabilir
D:\Test Dosyalari\kod\Sonic Heroes Memory Editor\Sonic Heroes Memory Editor\Memory-Editor.cpp(329,58): warning C4244:         with
D:\Test Dosyalari\kod\Sonic Heroes Memory Editor\Sonic Heroes Memory Editor\Memory-Editor.cpp(329,58): warning C4244:         [
D:\Test Dosyalari\kod\Sonic Heroes Memory Editor\Sonic Heroes Memory Editor\Memory-Editor.cpp(329,58): warning C4244:             T=unsigned int
D:\Test Dosyalari\kod\Sonic Heroes Memory Editor\Sonic Heroes Memory Editor\Memory-Editor.cpp(329,58): warning C4244:         ]
D:\Test Dosyalari\kod\Sonic Heroes Memory Editor\Sonic Heroes Memory Editor\Memory-Editor.cpp(330,87): warning C4244: 'bağımsız değişken': 'double' - 'float' dönüşümü; veri kaybı olabilir
D:\Test Dosyalari\kod\Sonic Heroes Memory Editor\Sonic Heroes Memory Editor\Memory-Editor.cpp(330,53): warning C4244: 'bağımsız değişken': 'T' - 'float' dönüşümü; veri kaybı olabilir
D:\Test Dosyalari\kod\Sonic Heroes Memory Editor\Sonic Heroes Memory Editor\Memory-Editor.cpp(330,53): warning C4244:         with
D:\Test Dosyalari\kod\Sonic Heroes Memory Editor\Sonic Heroes Memory Editor\Memory-Editor.cpp(330,53): warning C4244:         [
D:\Test Dosyalari\kod\Sonic Heroes Memory Editor\Sonic Heroes Memory Editor\Memory-Editor.cpp(330,53): warning C4244:             T=unsigned int
D:\Test Dosyalari\kod\Sonic Heroes Memory Editor\Sonic Heroes Memory Editor\Memory-Editor.cpp(330,53): warning C4244:         ]
D:\Test Dosyalari\kod\Sonic Heroes Memory Editor\Sonic Heroes Memory Editor\Memory-Editor.cpp(335,39): warning C4312: 'tür dönüştürme': 'int' öğesinden daha büyük boyutlu 'PBYTE *' öğesine dönüştürme
D:\Test Dosyalari\kod\Sonic Heroes Memory Editor\Sonic Heroes Memory Editor\Memory-Editor.cpp(338,41): warning C4312: 'tür dönüştürme': 'int' öğesinden daha büyük boyutlu 'PBYTE *' öğesine dönüştürme
D:\Test Dosyalari\kod\Sonic Heroes Memory Editor\Sonic Heroes Memory Editor\Memory-Editor.cpp(366,80): warning C4244: 'bağımsız değişken': 'T' - 'float' dönüşümü; veri kaybı olabilir
D:\Test Dosyalari\kod\Sonic Heroes Memory Editor\Sonic Heroes Memory Editor\Memory-Editor.cpp(366,80): warning C4244:         with
D:\Test Dosyalari\kod\Sonic Heroes Memory Editor\Sonic Heroes Memory Editor\Memory-Editor.cpp(366,80): warning C4244:         [
D:\Test Dosyalari\kod\Sonic Heroes Memory Editor\Sonic Heroes Memory Editor\Memory-Editor.cpp(366,80): warning C4244:             T=unsigned int
D:\Test Dosyalari\kod\Sonic Heroes Memory Editor\Sonic Heroes Memory Editor\Memory-Editor.cpp(366,80): warning C4244:         ]
D:\Test Dosyalari\kod\Sonic Heroes Memory Editor\Sonic Heroes Memory Editor\Memory-Editor.cpp(366,52): warning C4244: 'bağımsız değişken': 'T' - 'float' dönüşümü; veri kaybı olabilir
D:\Test Dosyalari\kod\Sonic Heroes Memory Editor\Sonic Heroes Memory Editor\Memory-Editor.cpp(366,52): warning C4244:         with
D:\Test Dosyalari\kod\Sonic Heroes Memory Editor\Sonic Heroes Memory Editor\Memory-Editor.cpp(366,52): warning C4244:         [
D:\Test Dosyalari\kod\Sonic Heroes Memory Editor\Sonic Heroes Memory Editor\Memory-Editor.cpp(366,52): warning C4244:             T=unsigned int
D:\Test Dosyalari\kod\Sonic Heroes Memory Editor\Sonic Heroes Memory Editor\Memory-Editor.cpp(366,52): warning C4244:         ]
D:\Test Dosyalari\kod\Sonic Heroes Memory Editor\Sonic Heroes Memory Editor\Memory-Editor.cpp(367,87): warning C4244: 'bağımsız değişken': 'double' - 'float' dönüşümü; veri kaybı olabilir
D:\Test Dosyalari\kod\Sonic Heroes Memory Editor\Sonic Heroes Memory Editor\Memory-Editor.cpp(367,53): warning C4244: 'bağımsız değişken': 'T' - 'float' dönüşümü; veri kaybı olabilir
D:\Test Dosyalari\kod\Sonic Heroes Memory Editor\Sonic Heroes Memory Editor\Memory-Editor.cpp(367,53): warning C4244:         with
D:\Test Dosyalari\kod\Sonic Heroes Memory Editor\Sonic Heroes Memory Editor\Memory-Editor.cpp(367,53): warning C4244:         [
D:\Test Dosyalari\kod\Sonic Heroes Memory Editor\Sonic Heroes Memory Editor\Memory-Editor.cpp(367,53): warning C4244:             T=unsigned int
D:\Test Dosyalari\kod\Sonic Heroes Memory Editor\Sonic Heroes Memory Editor\Memory-Editor.cpp(367,53): warning C4244:         ]
D:\Test Dosyalari\kod\Sonic Heroes Memory Editor\Sonic Heroes Memory Editor\Memory-Editor.cpp(377,43): warning C4312: 'tür dönüştürme': 'int' öğesinden daha büyük boyutlu 'PBYTE *' öğesine dönüştürme
D:\Test Dosyalari\kod\Sonic Heroes Memory Editor\Sonic Heroes Memory Editor\Memory-Editor.cpp(388,40): warning C4312: 'tür dönüştürme': 'int' öğesinden daha büyük boyutlu 'PBYTE *' öğesine dönüştürme
D:\Test Dosyalari\kod\Sonic Heroes Memory Editor\Sonic Heroes Memory Editor\Memory-Editor.cpp(393,80): warning C4244: 'bağımsız değişken': 'T' - 'float' dönüşümü; veri kaybı olabilir
D:\Test Dosyalari\kod\Sonic Heroes Memory Editor\Sonic Heroes Memory Editor\Memory-Editor.cpp(393,80): warning C4244:         with
D:\Test Dosyalari\kod\Sonic Heroes Memory Editor\Sonic Heroes Memory Editor\Memory-Editor.cpp(393,80): warning C4244:         [
D:\Test Dosyalari\kod\Sonic Heroes Memory Editor\Sonic Heroes Memory Editor\Memory-Editor.cpp(393,80): warning C4244:             T=unsigned int
D:\Test Dosyalari\kod\Sonic Heroes Memory Editor\Sonic Heroes Memory Editor\Memory-Editor.cpp(393,80): warning C4244:         ]
D:\Test Dosyalari\kod\Sonic Heroes Memory Editor\Sonic Heroes Memory Editor\Memory-Editor.cpp(393,52): warning C4244: 'bağımsız değişken': 'T' - 'float' dönüşümü; veri kaybı olabilir
D:\Test Dosyalari\kod\Sonic Heroes Memory Editor\Sonic Heroes Memory Editor\Memory-Editor.cpp(393,52): warning C4244:         with
D:\Test Dosyalari\kod\Sonic Heroes Memory Editor\Sonic Heroes Memory Editor\Memory-Editor.cpp(393,52): warning C4244:         [
D:\Test Dosyalari\kod\Sonic Heroes Memory Editor\Sonic Heroes Memory Editor\Memory-Editor.cpp(393,52): warning C4244:             T=unsigned int
D:\Test Dosyalari\kod\Sonic Heroes Memory Editor\Sonic Heroes Memory Editor\Memory-Editor.cpp(393,52): warning C4244:         ]
D:\Test Dosyalari\kod\Sonic Heroes Memory Editor\Sonic Heroes Memory Editor\Memory-Editor.cpp(394,87): warning C4244: 'bağımsız değişken': 'double' - 'float' dönüşümü; veri kaybı olabilir
D:\Test Dosyalari\kod\Sonic Heroes Memory Editor\Sonic Heroes Memory Editor\Memory-Editor.cpp(394,53): warning C4244: 'bağımsız değişken': 'T' - 'float' dönüşümü; veri kaybı olabilir
D:\Test Dosyalari\kod\Sonic Heroes Memory Editor\Sonic Heroes Memory Editor\Memory-Editor.cpp(394,53): warning C4244:         with
D:\Test Dosyalari\kod\Sonic Heroes Memory Editor\Sonic Heroes Memory Editor\Memory-Editor.cpp(394,53): warning C4244:         [
D:\Test Dosyalari\kod\Sonic Heroes Memory Editor\Sonic Heroes Memory Editor\Memory-Editor.cpp(394,53): warning C4244:             T=unsigned int
D:\Test Dosyalari\kod\Sonic Heroes Memory Editor\Sonic Heroes Memory Editor\Memory-Editor.cpp(394,53): warning C4244:         ]
D:\Test Dosyalari\kod\Sonic Heroes Memory Editor\Sonic Heroes Memory Editor\Memory-Editor.cpp(404,39): warning C4312: 'tür dönüştürme': 'int' öğesinden daha büyük boyutlu 'PBYTE *' öğesine dönüştürme
D:\Test Dosyalari\kod\Sonic Heroes Memory Editor\Sonic Heroes Memory Editor\Memory-Editor.cpp(408,84): warning C4244: 'bağımsız değişken': 'T' - 'float' dönüşümü; veri kaybı olabilir
D:\Test Dosyalari\kod\Sonic Heroes Memory Editor\Sonic Heroes Memory Editor\Memory-Editor.cpp(408,84): warning C4244:         with
D:\Test Dosyalari\kod\Sonic Heroes Memory Editor\Sonic Heroes Memory Editor\Memory-Editor.cpp(408,84): warning C4244:         [
D:\Test Dosyalari\kod\Sonic Heroes Memory Editor\Sonic Heroes Memory Editor\Memory-Editor.cpp(408,84): warning C4244:             T=unsigned int
D:\Test Dosyalari\kod\Sonic Heroes Memory Editor\Sonic Heroes Memory Editor\Memory-Editor.cpp(408,84): warning C4244:         ]
D:\Test Dosyalari\kod\Sonic Heroes Memory Editor\Sonic Heroes Memory Editor\Memory-Editor.cpp(408,56): warning C4244: 'bağımsız değişken': 'T' - 'float' dönüşümü; veri kaybı olabilir
D:\Test Dosyalari\kod\Sonic Heroes Memory Editor\Sonic Heroes Memory Editor\Memory-Editor.cpp(408,56): warning C4244:         with
D:\Test Dosyalari\kod\Sonic Heroes Memory Editor\Sonic Heroes Memory Editor\Memory-Editor.cpp(408,56): warning C4244:         [
D:\Test Dosyalari\kod\Sonic Heroes Memory Editor\Sonic Heroes Memory Editor\Memory-Editor.cpp(408,56): warning C4244:             T=unsigned int
D:\Test Dosyalari\kod\Sonic Heroes Memory Editor\Sonic Heroes Memory Editor\Memory-Editor.cpp(408,56): warning C4244:         ]
D:\Test Dosyalari\kod\Sonic Heroes Memory Editor\Sonic Heroes Memory Editor\Memory-Editor.cpp(409,87): warning C4244: 'bağımsız değişken': 'double' - 'float' dönüşümü; veri kaybı olabilir
D:\Test Dosyalari\kod\Sonic Heroes Memory Editor\Sonic Heroes Memory Editor\Memory-Editor.cpp(409,53): warning C4244: 'bağımsız değişken': 'T' - 'float' dönüşümü; veri kaybı olabilir
D:\Test Dosyalari\kod\Sonic Heroes Memory Editor\Sonic Heroes Memory Editor\Memory-Editor.cpp(409,53): warning C4244:         with
D:\Test Dosyalari\kod\Sonic Heroes Memory Editor\Sonic Heroes Memory Editor\Memory-Editor.cpp(409,53): warning C4244:         [
D:\Test Dosyalari\kod\Sonic Heroes Memory Editor\Sonic Heroes Memory Editor\Memory-Editor.cpp(409,53): warning C4244:             T=unsigned int
D:\Test Dosyalari\kod\Sonic Heroes Memory Editor\Sonic Heroes Memory Editor\Memory-Editor.cpp(409,53): warning C4244:         ]
D:\Test Dosyalari\kod\Sonic Heroes Memory Editor\Sonic Heroes Memory Editor\Memory-Editor.cpp(413,41): warning C4312: 'tür dönüştürme': 'int' öğesinden daha büyük boyutlu 'PBYTE *' öğesine dönüştürme
D:\Test Dosyalari\kod\Sonic Heroes Memory Editor\Sonic Heroes Memory Editor\Memory-Editor.cpp(507,40): warning C4312: 'tür dönüştürme': 'int' öğesinden daha büyük boyutlu 'PBYTE *' öğesine dönüştürme
D:\Test Dosyalari\kod\Sonic Heroes Memory Editor\Sonic Heroes Memory Editor\Memory-Editor.cpp(511,85): warning C4244: 'bağımsız değişken': 'T' - 'float' dönüşümü; veri kaybı olabilir
D:\Test Dosyalari\kod\Sonic Heroes Memory Editor\Sonic Heroes Memory Editor\Memory-Editor.cpp(511,85): warning C4244:         with
D:\Test Dosyalari\kod\Sonic Heroes Memory Editor\Sonic Heroes Memory Editor\Memory-Editor.cpp(511,85): warning C4244:         [
D:\Test Dosyalari\kod\Sonic Heroes Memory Editor\Sonic Heroes Memory Editor\Memory-Editor.cpp(511,85): warning C4244:             T=unsigned int
D:\Test Dosyalari\kod\Sonic Heroes Memory Editor\Sonic Heroes Memory Editor\Memory-Editor.cpp(511,85): warning C4244:         ]
D:\Test Dosyalari\kod\Sonic Heroes Memory Editor\Sonic Heroes Memory Editor\Memory-Editor.cpp(511,53): warning C4244: 'bağımsız değişken': 'T' - 'float' dönüşümü; veri kaybı olabilir
D:\Test Dosyalari\kod\Sonic Heroes Memory Editor\Sonic Heroes Memory Editor\Memory-Editor.cpp(511,53): warning C4244:         with
D:\Test Dosyalari\kod\Sonic Heroes Memory Editor\Sonic Heroes Memory Editor\Memory-Editor.cpp(511,53): warning C4244:         [
D:\Test Dosyalari\kod\Sonic Heroes Memory Editor\Sonic Heroes Memory Editor\Memory-Editor.cpp(511,53): warning C4244:             T=unsigned int
D:\Test Dosyalari\kod\Sonic Heroes Memory Editor\Sonic Heroes Memory Editor\Memory-Editor.cpp(511,53): warning C4244:         ]
D:\Test Dosyalari\kod\Sonic Heroes Memory Editor\Sonic Heroes Memory Editor\Memory-Editor.cpp(517,42): warning C4312: 'tür dönüştürme': 'int' öğesinden daha büyük boyutlu 'PBYTE *' öğesine dönüştürme
D:\Test Dosyalari\kod\Sonic Heroes Memory Editor\Sonic Heroes Memory Editor\Memory-Editor.cpp(522,42): warning C4312: 'tür dönüştürme': 'int' öğesinden daha büyük boyutlu 'PBYTE *' öğesine dönüştürme
D:\Test Dosyalari\kod\Sonic Heroes Memory Editor\Sonic Heroes Memory Editor\Memory-Editor.cpp(527,42): warning C4312: 'tür dönüştürme': 'int' öğesinden daha büyük boyutlu 'PBYTE *' öğesine dönüştürme
D:\Test Dosyalari\kod\Sonic Heroes Memory Editor\Sonic Heroes Memory Editor\Memory-Editor.cpp(567,40): warning C4312: 'tür dönüştürme': 'int' öğesinden daha büyük boyutlu 'PBYTE *' öğesine dönüştürme
D:\Test Dosyalari\kod\Sonic Heroes Memory Editor\Sonic Heroes Memory Editor\Memory-Editor.cpp(571,52): warning C4244: 'bağımsız değişken': 'T' - 'float' dönüşümü; veri kaybı olabilir
D:\Test Dosyalari\kod\Sonic Heroes Memory Editor\Sonic Heroes Memory Editor\Memory-Editor.cpp(571,52): warning C4244:         with
D:\Test Dosyalari\kod\Sonic Heroes Memory Editor\Sonic Heroes Memory Editor\Memory-Editor.cpp(571,52): warning C4244:         [
D:\Test Dosyalari\kod\Sonic Heroes Memory Editor\Sonic Heroes Memory Editor\Memory-Editor.cpp(571,52): warning C4244:             T=unsigned int
D:\Test Dosyalari\kod\Sonic Heroes Memory Editor\Sonic Heroes Memory Editor\Memory-Editor.cpp(571,52): warning C4244:         ]
D:\Test Dosyalari\kod\Sonic Heroes Memory Editor\Sonic Heroes Memory Editor\Memory-Editor.cpp(572,85): warning C4244: 'bağımsız değişken': 'T' - 'float' dönüşümü; veri kaybı olabilir
D:\Test Dosyalari\kod\Sonic Heroes Memory Editor\Sonic Heroes Memory Editor\Memory-Editor.cpp(572,85): warning C4244:         with
D:\Test Dosyalari\kod\Sonic Heroes Memory Editor\Sonic Heroes Memory Editor\Memory-Editor.cpp(572,85): warning C4244:         [
D:\Test Dosyalari\kod\Sonic Heroes Memory Editor\Sonic Heroes Memory Editor\Memory-Editor.cpp(572,85): warning C4244:             T=unsigned int
D:\Test Dosyalari\kod\Sonic Heroes Memory Editor\Sonic Heroes Memory Editor\Memory-Editor.cpp(572,85): warning C4244:         ]
D:\Test Dosyalari\kod\Sonic Heroes Memory Editor\Sonic Heroes Memory Editor\Memory-Editor.cpp(572,53): warning C4244: 'bağımsız değişken': 'T' - 'float' dönüşümü; veri kaybı olabilir
D:\Test Dosyalari\kod\Sonic Heroes Memory Editor\Sonic Heroes Memory Editor\Memory-Editor.cpp(572,53): warning C4244:         with
D:\Test Dosyalari\kod\Sonic Heroes Memory Editor\Sonic Heroes Memory Editor\Memory-Editor.cpp(572,53): warning C4244:         [
D:\Test Dosyalari\kod\Sonic Heroes Memory Editor\Sonic Heroes Memory Editor\Memory-Editor.cpp(572,53): warning C4244:             T=unsigned int
D:\Test Dosyalari\kod\Sonic Heroes Memory Editor\Sonic Heroes Memory Editor\Memory-Editor.cpp(572,53): warning C4244:         ]
D:\Test Dosyalari\kod\Sonic Heroes Memory Editor\Sonic Heroes Memory Editor\Memory-Editor.cpp(578,41): warning C4312: 'tür dönüştürme': 'int' öğesinden daha büyük boyutlu 'PBYTE *' öğesine dönüştürme
D:\Test Dosyalari\kod\Sonic Heroes Memory Editor\Sonic Heroes Memory Editor\Memory-Editor.cpp(582,41): warning C4312: 'tür dönüştürme': 'int' öğesinden daha büyük boyutlu 'PBYTE *' öğesine dönüştürme
D:\Test Dosyalari\kod\Sonic Heroes Memory Editor\Sonic Heroes Memory Editor\Memory-Editor.cpp(585,41): warning C4312: 'tür dönüştürme': 'int' öğesinden daha büyük boyutlu 'PBYTE *' öğesine dönüştürme
D:\Test Dosyalari\kod\Sonic Heroes Memory Editor\Sonic Heroes Memory Editor\Memory-Editor.cpp(588,41): warning C4312: 'tür dönüştürme': 'int' öğesinden daha büyük boyutlu 'PBYTE *' öğesine dönüştürme
D:\Test Dosyalari\kod\Sonic Heroes Memory Editor\Sonic Heroes Memory Editor\Memory-Editor.cpp(602,78): warning C4244: 'bağımsız değişken': 'T' - 'float' dönüşümü; veri kaybı olabilir
D:\Test Dosyalari\kod\Sonic Heroes Memory Editor\Sonic Heroes Memory Editor\Memory-Editor.cpp(602,78): warning C4244:         with
D:\Test Dosyalari\kod\Sonic Heroes Memory Editor\Sonic Heroes Memory Editor\Memory-Editor.cpp(602,78): warning C4244:         [
D:\Test Dosyalari\kod\Sonic Heroes Memory Editor\Sonic Heroes Memory Editor\Memory-Editor.cpp(602,78): warning C4244:             T=unsigned int
D:\Test Dosyalari\kod\Sonic Heroes Memory Editor\Sonic Heroes Memory Editor\Memory-Editor.cpp(602,78): warning C4244:         ]
D:\Test Dosyalari\kod\Sonic Heroes Memory Editor\Sonic Heroes Memory Editor\Memory-Editor.cpp(602,53): warning C4244: 'bağımsız değişken': 'T' - 'float' dönüşümü; veri kaybı olabilir
D:\Test Dosyalari\kod\Sonic Heroes Memory Editor\Sonic Heroes Memory Editor\Memory-Editor.cpp(602,53): warning C4244:         with
D:\Test Dosyalari\kod\Sonic Heroes Memory Editor\Sonic Heroes Memory Editor\Memory-Editor.cpp(602,53): warning C4244:         [
D:\Test Dosyalari\kod\Sonic Heroes Memory Editor\Sonic Heroes Memory Editor\Memory-Editor.cpp(602,53): warning C4244:             T=unsigned int
D:\Test Dosyalari\kod\Sonic Heroes Memory Editor\Sonic Heroes Memory Editor\Memory-Editor.cpp(602,53): warning C4244:         ]
D:\Test Dosyalari\kod\Sonic Heroes Memory Editor\Sonic Heroes Memory Editor\Memory-Editor.cpp(660,52): warning C4244: 'bağımsız değişken': 'T' - 'float' dönüşümü; veri kaybı olabilir
D:\Test Dosyalari\kod\Sonic Heroes Memory Editor\Sonic Heroes Memory Editor\Memory-Editor.cpp(660,52): warning C4244:         with
D:\Test Dosyalari\kod\Sonic Heroes Memory Editor\Sonic Heroes Memory Editor\Memory-Editor.cpp(660,52): warning C4244:         [
D:\Test Dosyalari\kod\Sonic Heroes Memory Editor\Sonic Heroes Memory Editor\Memory-Editor.cpp(660,52): warning C4244:             T=unsigned int
D:\Test Dosyalari\kod\Sonic Heroes Memory Editor\Sonic Heroes Memory Editor\Memory-Editor.cpp(660,52): warning C4244:         ]
D:\Test Dosyalari\kod\Sonic Heroes Memory Editor\Sonic Heroes Memory Editor\Memory-Editor.cpp(661,78): warning C4244: 'bağımsız değişken': 'T' - 'float' dönüşümü; veri kaybı olabilir
D:\Test Dosyalari\kod\Sonic Heroes Memory Editor\Sonic Heroes Memory Editor\Memory-Editor.cpp(661,78): warning C4244:         with
D:\Test Dosyalari\kod\Sonic Heroes Memory Editor\Sonic Heroes Memory Editor\Memory-Editor.cpp(661,78): warning C4244:         [
D:\Test Dosyalari\kod\Sonic Heroes Memory Editor\Sonic Heroes Memory Editor\Memory-Editor.cpp(661,78): warning C4244:             T=unsigned int
D:\Test Dosyalari\kod\Sonic Heroes Memory Editor\Sonic Heroes Memory Editor\Memory-Editor.cpp(661,78): warning C4244:         ]
D:\Test Dosyalari\kod\Sonic Heroes Memory Editor\Sonic Heroes Memory Editor\Memory-Editor.cpp(661,53): warning C4244: 'bağımsız değişken': 'T' - 'float' dönüşümü; veri kaybı olabilir
D:\Test Dosyalari\kod\Sonic Heroes Memory Editor\Sonic Heroes Memory Editor\Memory-Editor.cpp(661,53): warning C4244:         with
D:\Test Dosyalari\kod\Sonic Heroes Memory Editor\Sonic Heroes Memory Editor\Memory-Editor.cpp(661,53): warning C4244:         [
D:\Test Dosyalari\kod\Sonic Heroes Memory Editor\Sonic Heroes Memory Editor\Memory-Editor.cpp(661,53): warning C4244:             T=unsigned int
D:\Test Dosyalari\kod\Sonic Heroes Memory Editor\Sonic Heroes Memory Editor\Memory-Editor.cpp(661,53): warning C4244:         ]
  main.cpp
D:\Test Dosyalari\kod\Sonic Heroes Memory Editor\Sonic Heroes Memory Editor\main.cpp(28,22): warning C4834: [[nodiscard]] özniteliğine sahip işlevin dönüş değerinin atılması
  Kod Üretiliyor...
sfml-window-s-d.lib(VideoMode.obj) : warning LNK4099: PDB 'sfml-window-s.pdb', 'sfml-window-s-d.lib(VideoMode.obj)' ile veya 'D:\Test Dosyalari\kod\Sonic Heroes Memory Editor\x64\Debug\sfml-window-s.pdb' üzerinde bulunamadı; nesne, hata ayıklama bilgileri yokmuş gibi bağlanıyor
sfml-window-s-d.lib(WindowBase.obj) : warning LNK4099: PDB 'sfml-window-s.pdb', 'sfml-window-s-d.lib(WindowBase.obj)' ile veya 'D:\Test Dosyalari\kod\Sonic Heroes Memory Editor\x64\Debug\sfml-window-s.pdb' üzerinde bulunamadı; nesne, hata ayıklama bilgileri yokmuş gibi bağlanıyor
sfml-system-s-d.lib(String.obj) : warning LNK4099: PDB 'sfml-system-s.pdb', 'sfml-system-s-d.lib(String.obj)' ile veya 'D:\Test Dosyalari\kod\Sonic Heroes Memory Editor\x64\Debug\sfml-system-s.pdb' üzerinde bulunamadı; nesne, hata ayıklama bilgileri yokmuş gibi bağlanıyor
sfml-graphics-s-d.lib(Shader.obj) : warning LNK4099: PDB 'sfml-graphics-s.pdb', 'sfml-graphics-s-d.lib(Shader.obj)' ile veya 'D:\Test Dosyalari\kod\Sonic Heroes Memory Editor\x64\Debug\sfml-graphics-s.pdb' üzerinde bulunamadı; nesne, hata ayıklama bilgileri yokmuş gibi bağlanıyor
  Sonic Heroes Memory Editor.vcxproj -> D:\Test Dosyalari\kod\Sonic Heroes Memory Editor\x64\Debug\Sonic Heroes Memory Editor.exe
