d:\test dosyalari\kod\sonic heroes memory editor\sonic heroes memory editor\x64\release\vc143.pdb
d:\test dosyalari\kod\sonic heroes memory editor\sonic heroes memory editor\x64\release\main.obj
d:\test dosyalari\kod\sonic heroes memory editor\sonic heroes memory editor\x64\release\imgui_widgets.obj
d:\test dosyalari\kod\sonic heroes memory editor\sonic heroes memory editor\x64\release\imgui_tables.obj
d:\test dosyalari\kod\sonic heroes memory editor\sonic heroes memory editor\x64\release\imgui_draw.obj
d:\test dosyalari\kod\sonic heroes memory editor\sonic heroes memory editor\x64\release\imgui_demo.obj
d:\test dosyalari\kod\sonic heroes memory editor\sonic heroes memory editor\x64\release\imgui.obj
d:\test dosyalari\kod\sonic heroes memory editor\sonic heroes memory editor\x64\release\imgui-sfml.obj
d:\test dosyalari\kod\sonic heroes memory editor\sonic heroes memory editor\x64\release\memory-editor.obj
d:\test dosyalari\kod\sonic heroes memory editor\x64\release\sonic heroes memory editor.exe
d:\test dosyalari\kod\sonic heroes memory editor\sonic heroes memory editor\x64\release\sonic heroes memory editor.ipdb
d:\test dosyalari\kod\sonic heroes memory editor\sonic heroes memory editor\x64\release\sonic heroes memory editor.iobj
d:\test dosyalari\kod\sonic heroes memory editor\x64\release\sonic heroes memory editor.pdb
d:\test dosyalari\kod\sonic heroes memory editor\sonic heroes memory editor\x64\release\sonic he.83b7c536.tlog\cl.command.1.tlog
d:\test dosyalari\kod\sonic heroes memory editor\sonic heroes memory editor\x64\release\sonic he.83b7c536.tlog\cl.items.tlog
d:\test dosyalari\kod\sonic heroes memory editor\sonic heroes memory editor\x64\release\sonic he.83b7c536.tlog\cl.read.1.tlog
d:\test dosyalari\kod\sonic heroes memory editor\sonic heroes memory editor\x64\release\sonic he.83b7c536.tlog\cl.write.1.tlog
d:\test dosyalari\kod\sonic heroes memory editor\sonic heroes memory editor\x64\release\sonic he.83b7c536.tlog\link.command.1.tlog
d:\test dosyalari\kod\sonic heroes memory editor\sonic heroes memory editor\x64\release\sonic he.83b7c536.tlog\link.read.1.tlog
d:\test dosyalari\kod\sonic heroes memory editor\sonic heroes memory editor\x64\release\sonic he.83b7c536.tlog\link.secondary.1.tlog
d:\test dosyalari\kod\sonic heroes memory editor\sonic heroes memory editor\x64\release\sonic he.83b7c536.tlog\link.write.1.tlog
