  imgui.cpp
  imgui_demo.cpp
  imgui_draw.cpp
  imgui_impl_glfw.cpp
  imgui_impl_opengl3.cpp
  imgui_tables.cpp
  imgui_widgets.cpp
  Kaynak.cpp
D:\Windows Kits\10\Include\10.0.22621.0\shared\minwindef.h(130,9): warning C4005: 'APIENTRY': makro yeniden tanımlama
  ('Kaynak.cpp' kaynak dosyası derleniyor)
      D:\Visual Studio Projeler\Sonic Heroes Memory Editor\GLFW include\GLFW\glfw3.h(123,11):
      önceki 'APIENTRY' tanımına bakın
  
D:\Visual Studio Projeler\Sonic Heroes Memory Editor\Sonic Heroes Memory Editor\Kaynak.cpp(53,23): warning C4018: '<': işaretli/işaretsiz uyuşmazlığı
D:\Visual Studio Projeler\Sonic Heroes Memory Editor\Sonic Heroes Memory Editor\Kaynak.cpp(48,60): warning C4390: ';': boş denetlenen deyim bulundu; amaçlanan bu muydu?
imgui_impl_glfw.obj : error LNK2001: çözümlenmemiş dış sembol _glfwGetClipboardString
imgui_impl_glfw.obj : error LNK2001: çözümlenmemiş dış sembol _glfwGetInputMode
imgui_impl_glfw.obj : error LNK2001: çözümlenmemiş dış sembol _glfwGetWindowAttrib
imgui_impl_glfw.obj : error LNK2001: çözümlenmemiş dış sembol _glfwGetTime
imgui_impl_glfw.obj : error LNK2001: çözümlenmemiş dış sembol _glfwGetKey
imgui_impl_glfw.obj : error LNK2001: çözümlenmemiş dış sembol _glfwSetMonitorCallback
imgui_impl_glfw.obj : error LNK2001: çözümlenmemiş dış sembol _glfwGetFramebufferSize
imgui_impl_glfw.obj : error LNK2001: çözümlenmemiş dış sembol _glfwSetClipboardString
imgui_impl_glfw.obj : error LNK2001: çözümlenmemiş dış sembol _glfwSetCursorEnterCallback
imgui_impl_glfw.obj : error LNK2001: çözümlenmemiş dış sembol _glfwGetWindowSize
imgui_impl_glfw.obj : error LNK2001: çözümlenmemiş dış sembol _glfwSetMouseButtonCallback
imgui_impl_glfw.obj : error LNK2001: çözümlenmemiş dış sembol _glfwSetCursor
imgui_impl_glfw.obj : error LNK2001: çözümlenmemiş dış sembol _glfwDestroyCursor
imgui_impl_glfw.obj : error LNK2001: çözümlenmemiş dış sembol _glfwSetKeyCallback
imgui_impl_glfw.obj : error LNK2001: çözümlenmemiş dış sembol _glfwSetScrollCallback
imgui_impl_glfw.obj : error LNK2001: çözümlenmemiş dış sembol _glfwSetInputMode
imgui_impl_glfw.obj : error LNK2001: çözümlenmemiş dış sembol _glfwCreateStandardCursor
imgui_impl_glfw.obj : error LNK2001: çözümlenmemiş dış sembol _glfwGetError
imgui_impl_glfw.obj : error LNK2001: çözümlenmemiş dış sembol _glfwSetCursorPos
imgui_impl_glfw.obj : error LNK2001: çözümlenmemiş dış sembol _glfwGetWin32Window
imgui_impl_glfw.obj : error LNK2001: çözümlenmemiş dış sembol _glfwGetGamepadState
imgui_impl_glfw.obj : error LNK2001: çözümlenmemiş dış sembol _glfwSetCursorPosCallback
imgui_impl_glfw.obj : error LNK2001: çözümlenmemiş dış sembol _glfwGetKeyName
imgui_impl_glfw.obj : error LNK2001: çözümlenmemiş dış sembol _glfwGetCursorPos
imgui_impl_glfw.obj : error LNK2001: çözümlenmemiş dış sembol _glfwSetWindowFocusCallback
imgui_impl_glfw.obj : error LNK2001: çözümlenmemiş dış sembol _glfwSetErrorCallback
imgui_impl_glfw.obj : error LNK2001: çözümlenmemiş dış sembol _glfwSetCharCallback
Kaynak.obj : error LNK2001: çözümlenmemiş dış sembol _glfwSwapBuffers
Kaynak.obj : error LNK2001: çözümlenmemiş dış sembol _glfwTerminate
Kaynak.obj : error LNK2001: çözümlenmemiş dış sembol _glfwPollEvents
Kaynak.obj : error LNK2001: çözümlenmemiş dış sembol _glfwInit
Kaynak.obj : error LNK2001: çözümlenmemiş dış sembol _glfwCreateWindow
Kaynak.obj : error LNK2001: çözümlenmemiş dış sembol _glfwMakeContextCurrent
Kaynak.obj : error LNK2001: çözümlenmemiş dış sembol _glfwWindowShouldClose
Kaynak.obj : error LNK2001: çözümlenmemiş dış sembol _glfwSetWindowOpacity
D:\Visual Studio Projeler\Sonic Heroes Memory Editor\Release\Sonic Heroes Memory Editor.exe : fatal error LNK1120: 35 çözümlenmemiş dışlar
